E:\Backup\NAS Backup\mp3\♪オルゴール\fragile～Every Little Thing コレクション\01 UNSPEAKABLE.mp3
E:\Backup\NAS Backup\mp3\♪オルゴール\fragile～Every Little Thing コレクション\02 ファンダメンタル・ラブ.mp3
E:\Backup\NAS Backup\mp3\♪オルゴール\fragile～Every Little Thing コレクション\03 For the moment.mp3
E:\Backup\NAS Backup\mp3\♪オルゴール\fragile～Every Little Thing コレクション\04 出逢った頃のように.mp3
E:\Backup\NAS Backup\mp3\♪オルゴール\fragile～Every Little Thing コレクション\05 愛のカケラ.mp3
E:\Backup\NAS Backup\mp3\♪オルゴール\fragile～Every Little Thing コレクション\06 Time goes by.mp3
E:\Backup\NAS Backup\mp3\♪オルゴール\fragile～Every Little Thing コレクション\07 nostalgia.mp3
E:\Backup\NAS Backup\mp3\♪オルゴール\fragile～Every Little Thing コレクション\08 Pray.mp3
E:\Backup\NAS Backup\mp3\♪オルゴール\fragile～Every Little Thing コレクション\09 fragile.mp3
E:\Backup\NAS Backup\mp3\♪オルゴール\fragile～Every Little Thing コレクション\10 Over and Over.mp3
E:\Backup\NAS Backup\mp3\♪オルゴール\オルゴール - アイのうた オルゴール\01 キセキ.mp3
E:\Backup\NAS Backup\mp3\♪オルゴール\オルゴール - アイのうた オルゴール\02 LIFE.mp3
E:\Backup\NAS Backup\mp3\♪オルゴール\オルゴール - アイのうた オルゴール\03 もう一度….mp3
E:\Backup\NAS Backup\mp3\♪オルゴール\オルゴール - アイのうた オルゴール\04 君のすべてに.mp3
E:\Backup\NAS Backup\mp3\♪オルゴール\オルゴール - アイのうた オルゴール\05 Lovin’ Life.mp3
E:\Backup\NAS Backup\mp3\♪オルゴール\オルゴール - アイのうた オルゴール\06 ふたりの歌.mp3
E:\Backup\NAS Backup\mp3\♪オルゴール\オルゴール - アイのうた オルゴール\07 大切なもの.mp3
E:\Backup\NAS Backup\mp3\♪オルゴール\オルゴール - アイのうた オルゴール\08 ママへ.mp3
E:\Backup\NAS Backup\mp3\♪オルゴール\オルゴール - アイのうた オルゴール\09 雲の上の君え.mp3
E:\Backup\NAS Backup\mp3\♪オルゴール\オルゴール - アイのうた オルゴール\10 君がくれたもの.mp3
E:\Backup\NAS Backup\mp3\♪オルゴール\オルゴール - アイのうた オルゴール\11 Thinking of you.mp3
E:\Backup\NAS Backup\mp3\♪オルゴール\オルゴール - アイのうた オルゴール\12 こいのうた.mp3
E:\Backup\NAS Backup\mp3\♪オルゴール\オルゴール - アイのうた オルゴール\13 君がいるなら☆.mp3
E:\Backup\NAS Backup\mp3\♪オルゴール\オルゴール - アイのうた オルゴール\14 ただ、ありがとう.mp3
E:\Backup\NAS Backup\mp3\♪オルゴール\オルゴール - アイのうた オルゴール\15 小さな恋のうた.mp3
E:\Backup\NAS Backup\mp3\♪オルゴール\オルゴール - 恋のうた オルゴール\01 そばにいるね.mp3
E:\Backup\NAS Backup\mp3\♪オルゴール\オルゴール - 恋のうた オルゴール\02 愛のうた.mp3
E:\Backup\NAS Backup\mp3\♪オルゴール\オルゴール - 恋のうた オルゴール\03 かたち あるもの.mp3
E:\Backup\NAS Backup\mp3\♪オルゴール\オルゴール - 恋のうた オルゴール\04 コイスルオトメ.mp3
E:\Backup\NAS Backup\mp3\♪オルゴール\オルゴール - 恋のうた オルゴール\05 恋する気持ち.mp3
E:\Backup\NAS Backup\mp3\♪オルゴール\オルゴール - 恋のうた オルゴール\06 ONE.mp3
E:\Backup\NAS Backup\mp3\♪オルゴール\オルゴール - 恋のうた オルゴール\07 FANTASY.mp3
E:\Backup\NAS Backup\mp3\♪オルゴール\オルゴール - 恋のうた オルゴール\08 きみの て.mp3
E:\Backup\NAS Backup\mp3\♪オルゴール\オルゴール - 恋のうた オルゴール\09 元気を出して.mp3
E:\Backup\NAS Backup\mp3\♪オルゴール\オルゴール - 恋のうた オルゴール\10 My Love.mp3
E:\Backup\NAS Backup\mp3\♪オルゴール\オルゴール - 恋のうた オルゴール\11 キミにKISS.mp3
E:\Backup\NAS Backup\mp3\♪オルゴール\オルゴール - 恋のうた オルゴール\12 うれしいこと。.mp3
E:\Backup\NAS Backup\mp3\♪オルゴール\オルゴール - 恋のうた オルゴール\13 Go my way.mp3
E:\Backup\NAS Backup\mp3\♪オルゴール\オルゴール - 恋のうた オルゴール\14 come again.mp3
E:\Backup\NAS Backup\mp3\♪オルゴール\オルゴール - 恋のうた オルゴール\15 BLUE BIRD.mp3
