E:\Backup\NAS Backup\mp3\♪Denka's Single Collection\Denka30\01_talkin'2 myself(浜崎あゆみ).mp3
E:\Backup\NAS Backup\mp3\♪Denka's Single Collection\Denka30\02_decision(浜崎あゆみ).mp3
E:\Backup\NAS Backup\mp3\♪Denka's Single Collection\Denka30\03_LOVE&TRUTH(YUI).mp3
E:\Backup\NAS Backup\mp3\♪Denka's Single Collection\Denka30\04_LOVE LETTER (BoA).mp3
E:\Backup\NAS Backup\mp3\♪Denka's Single Collection\Denka30\05_CLAP＆LOVE (絢香).mp3
E:\Backup\NAS Backup\mp3\♪Denka's Single Collection\Denka30\06_Why (絢香).mp3
E:\Backup\NAS Backup\mp3\♪Denka's Single Collection\Denka30\07_PEACH (大塚愛).mp3
E:\Backup\NAS Backup\mp3\♪Denka's Single Collection\Denka30\08_SUPER LOVE SONG (B'z).mp3
E:\Backup\NAS Backup\mp3\♪Denka's Single Collection\Denka30\09_LIFE(中島美嘉).mp3
E:\Backup\NAS Backup\mp3\♪Denka's Single Collection\Denka30\10_永遠の詩(中島美嘉).mp3
E:\Backup\NAS Backup\mp3\♪Denka's Single Collection\Denka30\11_IT'S TOO LATE(中島美嘉).mp3
E:\Backup\NAS Backup\mp3\♪Denka's Single Collection\Denka30\12_ア・イ・シ・テ・ルのサイン～わたしたちの未来予想図～ (DreamesComeTrue).mp3
E:\Backup\NAS Backup\mp3\♪Denka's Single Collection\Denka30\13_Beautiful World(宇田多ヒカル).mp3
E:\Backup\NAS Backup\mp3\♪Denka's Single Collection\Denka30\14_愛のうた(倖田來未).mp3
E:\Backup\NAS Backup\mp3\♪Denka's Single Collection\Denka30\15_軌跡(SEAMO).mp3
E:\Backup\NAS Backup\mp3\♪Denka's Single Collection\Denka30\16_風の詩を聴かせて(桑田 佳祐).mp3
E:\Backup\NAS Backup\mp3\♪Denka's Single Collection\Denka30\17_おしりかじり虫～フルバージョン (うるまでるび).mp3
E:\Backup\NAS Backup\mp3\♪Denka's Single Collection\Denka31\01_glitter (浜崎あゆみ).mp3
E:\Backup\NAS Backup\mp3\♪Denka's Single Collection\Denka31\02_Urban Mermaid (伊藤由奈).mp3
E:\Backup\NAS Backup\mp3\♪Denka's Single Collection\Denka31\03_愛唄(ＧＲeeeeＮ).mp3
E:\Backup\NAS Backup\mp3\♪Denka's Single Collection\Denka31\04_人 (GReeeeN).mp3
E:\Backup\NAS Backup\mp3\♪Denka's Single Collection\Denka31\05_Precious (伊藤由奈).mp3
E:\Backup\NAS Backup\mp3\♪Denka's Single Collection\Denka31\06_恋をしている (EveryLittleThing).mp3
E:\Backup\NAS Backup\mp3\♪Denka's Single Collection\Denka31\07_クムリウタ (大塚愛).mp3
E:\Backup\NAS Backup\mp3\♪Denka's Single Collection\Denka31\08_ポケット (大塚愛).mp3
E:\Backup\NAS Backup\mp3\♪Denka's Single Collection\Denka31\09_千の風になって(秋川雅史).mp3
E:\Backup\NAS Backup\mp3\♪Denka's Single Collection\Denka31\10_シアワセ (aiko).mp3
E:\Backup\NAS Backup\mp3\♪Denka's Single Collection\Denka31\11_太陽の地図 (MISIA).mp3
E:\Backup\NAS Backup\mp3\♪Denka's Single Collection\Denka31\12_イケナイ太陽 (ORANGE RANGE).mp3
E:\Backup\NAS Backup\mp3\♪Denka's Single Collection\Denka31\13_LAST ANGEL (倖田來未).mp3
E:\Backup\NAS Backup\mp3\♪Denka's Single Collection\Denka31\14_I Believe (EXILE).mp3
E:\Backup\NAS Backup\mp3\♪Denka's Single Collection\Denka31\15_Wonderful&Beautiful (レミオロメン).mp3
E:\Backup\NAS Backup\mp3\♪Denka's Single Collection\Denka31\16_TOKYO BOOGiE BACK (DJ OZMA).mp3
E:\Backup\NAS Backup\mp3\♪Denka's Single Collection\Denka31\17_ブン・ブン・ワンダーランド (チーム・ブートキャンプ・フィーチャリング・コマンダー・ビリー).mp3
E:\Backup\NAS Backup\mp3\♪Denka's Single Collection\Denka32\01_Together_When... (浜崎あゆみ).mp3
E:\Backup\NAS Backup\mp3\♪Denka's Single Collection\Denka32\02_NEOPHILIA (平野綾).mp3
E:\Backup\NAS Backup\mp3\♪Denka's Single Collection\Denka32\03_キミモノガタリ (little by little).mp3
E:\Backup\NAS Backup\mp3\♪Denka's Single Collection\Denka32\04_White Choco (LOVE(大塚愛)).mp3
E:\Backup\NAS Backup\mp3\♪Denka's Single Collection\Denka32\05_Kiss して (KOH＋).mp3
E:\Backup\NAS Backup\mp3\♪Denka's Single Collection\Denka32\06_Destination Nowhere (ERIKA).mp3
E:\Backup\NAS Backup\mp3\♪Denka's Single Collection\Denka32\07_木枯らしに抱かれて (大山百合香).mp3
E:\Backup\NAS Backup\mp3\♪Denka's Single Collection\Denka32\08_茜色の約束 (いきものがかり).mp3
E:\Backup\NAS Backup\mp3\♪Denka's Single Collection\Denka32\09_今、風の中で (平原綾香).mp3
E:\Backup\NAS Backup\mp3\♪Denka's Single Collection\Denka32\10_Orion (エイジアエンジニア).mp3
E:\Backup\NAS Backup\mp3\♪Denka's Single Collection\Denka32\11_旅立ちの唄 (Mr.Children).mp3
E:\Backup\NAS Backup\mp3\♪Denka's Single Collection\Denka32\12_For Today (絢香).mp3
E:\Backup\NAS Backup\mp3\♪Denka's Single Collection\Denka32\13_ASHES -1969- (GLAY).mp3
E:\Backup\NAS Backup\mp3\♪Denka's Single Collection\Denka32\14_DAYBREAK'S BELL (L'Arc～en～Ciel).mp3
E:\Backup\NAS Backup\mp3\♪Denka's Single Collection\Denka32\15_十人十色 (misono).mp3
E:\Backup\NAS Backup\mp3\♪Denka's Single Collection\Denka32\16_LOSE YOUR MIND feat.Yutaka Furukawa from DOPING PANDA (BoA).mp3
E:\Backup\NAS Backup\mp3\♪Denka's Single Collection\Denka32\17_睡蓮花 (湘南乃風).mp3
E:\Backup\NAS Backup\mp3\♪Denka's Single Collection\Denka33\01_Mirrorcle World（浜崎あゆみ）.mp3
E:\Backup\NAS Backup\mp3\♪Denka's Single Collection\Denka33\02_黄金魂 (湘南乃風).mp3
E:\Backup\NAS Backup\mp3\♪Denka's Single Collection\Denka33\03_花は桜 君は美し (いきものがかり).mp3
E:\Backup\NAS Backup\mp3\♪Denka's Single Collection\Denka33\04_Lovers Again (EXILE).mp3
E:\Backup\NAS Backup\mp3\♪Denka's Single Collection\Denka33\05_遥花 ～はるか～ (melody).mp3
E:\Backup\NAS Backup\mp3\♪Denka's Single Collection\Denka33\06_翼を広げて (ZARD).mp3
E:\Backup\NAS Backup\mp3\♪Denka's Single Collection\Denka33\07 Namidairo (YUI).mp3
E:\Backup\NAS Backup\mp3\♪Denka's Single Collection\Denka33\09_そばにいるね (青山テルマ).mp3
E:\Backup\NAS Backup\mp3\♪Denka's Single Collection\Denka33\10_マタアイマショウ (SEAMO).mp3
E:\Backup\NAS Backup\mp3\♪Denka's Single Collection\Denka33\11_グロリアス マインド (ZARD).mp3
E:\Backup\NAS Backup\mp3\♪Denka's Single Collection\Denka33\12_.残り火 -eternal BED- (DOUBLE).mp3
E:\Backup\NAS Backup\mp3\♪Denka's Single Collection\Denka33\13_NEW LOOK (安室奈美恵).mp3
E:\Backup\NAS Backup\mp3\♪Denka's Single Collection\Denka33\14_ROCK STEADY (安室奈美恵).mp3
E:\Backup\NAS Backup\mp3\♪Denka's Single Collection\Denka33\15_WHAT A FEELING (安室奈美恵).mp3
E:\Backup\NAS Backup\mp3\♪Denka's Single Collection\Denka33\16_If...!？(東方神起).mp3
E:\Backup\NAS Backup\mp3\♪Denka's Single Collection\Denka33\17 恋のヘキサゴン (Pabo).mp3
E:\Backup\NAS Backup\mp3\♪Denka's Single Collection\Denka33\18 羞恥心 (羞恥心).mp3
E:\Backup\NAS Backup\mp3\♪Denka's Single Collection\Denka33\19_銀河鉄道999 (EXILE).mp3
E:\Backup\NAS Backup\mp3\♪Denka's Single Collection\Denka34\01-01 Days (浜崎あゆみ).mp3
E:\Backup\NAS Backup\mp3\♪Denka's Single Collection\Denka34\01-02_GREEN (浜崎あゆみ).mp3
E:\Backup\NAS Backup\mp3\♪Denka's Single Collection\Denka34\02_偶然の確率 (GIRL NEXT DOOR).mp3
E:\Backup\NAS Backup\mp3\♪Denka's Single Collection\Denka34\03_Drive away (GIRL NEXT DOOR).mp3
E:\Backup\NAS Backup\mp3\♪Denka's Single Collection\Denka34\04_情熱の代償 (GIRL NEXT DOOR).mp3
E:\Backup\NAS Backup\mp3\♪Denka's Single Collection\Denka34\05_20+∞Century Boys (ACID BLACK CHERRY).mp3
E:\Backup\NAS Backup\mp3\♪Denka's Single Collection\Denka34\06_ライオン (May'n).mp3
E:\Backup\NAS Backup\mp3\♪アニソン関係\Lost in Time (AKINO)\01.創聖のアクエリオン.mp3
E:\Backup\NAS Backup\mp3\♪Denka's Single Collection\Denka34\07_大声ダイヤモンド (AKB48).mp3
E:\Backup\NAS Backup\mp3\♪Denka's Single Collection\Denka34\08_DreamFighter (Perfume).mp3
E:\Backup\NAS Backup\mp3\♪Denka's Single Collection\Denka34\09_バニラソルト (堀江由衣).mp3
E:\Backup\NAS Backup\mp3\♪Denka's Single Collection\Denka34\10_DOLL (SCANDAL).mp3
E:\Backup\NAS Backup\mp3\♪Denka's Single Collection\Denka34\11_爪爪爪 (マキシマム・ザ・ホルモン).mp3
E:\Backup\NAS Backup\mp3\♪Denka's Single Collection\Denka34\12_ebullient future(ＥＬＩＳＡ ).mp3
E:\Backup\NAS Backup\mp3\♪Denka's Single Collection\Denka34\13_世界は踊る (BREAKERZ).mp3
E:\Backup\NAS Backup\mp3\♪Denka's Single Collection\Denka34\14_灼熱 (BREAKERZ).mp3
E:\Backup\NAS Backup\mp3\♪Denka's Single Collection\Denka34\15_永遠の螺旋 (三木眞一郎).mp3
E:\Backup\NAS Backup\mp3\♪Denka's Single Collection\Denka34\16_うまなみで (仙台貨物).mp3
E:\Backup\NAS Backup\mp3\♪Denka's Single Collection\Denka34\17_絶交門 (仙台貨物).mp3
E:\Backup\NAS Backup\mp3\♪Denka's Single Collection\Denka34\18_ブルーバード (いきものがかり).mp3
E:\Backup\NAS Backup\mp3\♪Denka's Single Collection\Denka34\19_呪文-MIROTIC- (東方神起).mp3
E:\Backup\NAS Backup\mp3\♪Denka's Single Collection\Denka34\20_セーラー服と機関銃 (落合祐里香).mp3
E:\Backup\NAS Backup\mp3\♪Denka's Single Collection\Denka34\21_ニセモノ(Ｆｒｉｅｎｄｓ).mp3
E:\Backup\NAS Backup\mp3\♪Denka's Single Collection\Denka34\22_secret base～君がくれたもの～(Ｆｒｉｅｎｄｓ).mp3
E:\Backup\NAS Backup\mp3\♪Denka's Single Collection\Denka34\23_何度も (青山テルマ).mp3
E:\Backup\NAS Backup\mp3\♪Denka's Single Collection\Denka34\24_約束の日(童子-T feat.青山テルマ).mp3
E:\Backup\NAS Backup\mp3\♪Denka's Single Collection\Denka34\25_もう一度…feat.BEN (童子-T).mp3
E:\Backup\NAS Backup\mp3\♪Denka's Single Collection\Denka34\26_素直になれたら (JUJU feat.Spontania).mp3
E:\Backup\NAS Backup\mp3\♪Denka's Single Collection\Denka34\27_キミに歌ったラブソング (Lil'B).mp3
E:\Backup\NAS Backup\mp3\♪Denka's Single Collection\Denka34\28_クラゲ、流れ星 (大塚愛).mp3
E:\Backup\NAS Backup\mp3\♪Denka's Single Collection\Denka34\29_プラネタリウム (いきものがかり).mp3
E:\Backup\NAS Backup\mp3\♪Denka's Single Collection\Denka34\30_時の足音 (コブクロ).mp3
E:\Backup\NAS Backup\mp3\♪Denka's Single Collection\Denka34\31_赤い糸 (コブクロ).mp3
E:\Backup\NAS Backup\mp3\♪Denka's Single Collection\Denka34\32_赤い糸 (新垣結衣).mp3
E:\Backup\NAS Backup\mp3\♪Denka's Single Collection\Denka34\33_ORION (中島美嘉).mp3
E:\Backup\NAS Backup\mp3\♪Denka's Single Collection\Denka34\34_手紙 ～拝啓　十五の君へ～.mp3
E:\Backup\NAS Backup\mp3\♪Denka's Single Collection\Denka34\35_守りたいもの (青山テルマ).mp3
E:\Backup\NAS Backup\mp3\♪Denka's Single Collection\Denka34\36_あの輝いた季節 (松田聖子).mp3
E:\Backup\NAS Backup\mp3\♪Denka's Single Collection\Denka34\37_HANABI (Mr.Children).mp3
E:\Backup\NAS Backup\mp3\♪Denka's Single Collection\Denka34\38_SAYONARAベイベー (加藤ミリヤ).mp3
E:\Backup\NAS Backup\mp3\♪Denka's Single Collection\Denka34\39_stay with me (倖田來未).mp3
E:\Backup\NAS Backup\mp3\♪Denka's Single Collection\Denka34\40_雨音はｼｮﾊﾟﾝの調べ (kra).mp3
E:\Backup\NAS Backup\mp3\♪Denka's Single Collection\Denka34\41_幸せになろう (mihimaru GT).mp3
E:\Backup\NAS Backup\mp3\♪Denka's Single Collection\Denka34\42_最愛 (KOH+).mp3
E:\Backup\NAS Backup\mp3\♪Denka's Single Collection\Denka34\43_優しい赤 (福原美穂).mp3
E:\Backup\NAS Backup\mp3\♪Denka's Single Collection\Denka34\44_I'll be (YUI).mp3
E:\Backup\NAS Backup\mp3\♪Denka's Single Collection\Denka34\45_BLACK DIAMOND (DOUBLE & 安室奈美恵).mp3
E:\Backup\NAS Backup\mp3\♪Denka's Single Collection\Denka34\46_TABOO (倖田來未).mp3
E:\Backup\NAS Backup\mp3\♪Denka's Single Collection\Denka34\47_Ti Amo (EXILE).mp3
E:\Backup\NAS Backup\mp3\♪Denka's Single Collection\Denka34\48_キセキ (GReeeen).mp3
E:\Backup\NAS Backup\mp3\♪Denka's Single Collection\Denka34\49_足跡(BAReeeeeeeeeeN).mp3
E:\Backup\NAS Backup\mp3\♪Denka's Single Collection\Denka34\50_Walk Over the Rainbow (SHAKALABBITS).mp3
E:\Backup\NAS Backup\mp3\♪Denka's Single Collection\Denka34\51_can't stop the DISCO (鈴木亜美).mp3
E:\Backup\NAS Backup\mp3\♪Denka's Single Collection\Denka34\52_続く世界 (中川翔子).mp3
E:\Backup\NAS Backup\mp3\♪Denka's Single Collection\Denka34\53_連れてって 連れてって (DREAMS COME TRUE).mp3
E:\Backup\NAS Backup\mp3\♪Denka's Single Collection\Denka34\54_悲愴感 (悲愴感).mp3
E:\Backup\NAS Backup\mp3\♪Denka's Single Collection\Denka34\55_天下無敵の一発屋2008 (一発屋2008).mp3
E:\Backup\NAS Backup\mp3\♪Denka's Single Collection\Denka35\01 Rule (浜崎あゆみ).mp3
E:\Backup\NAS Backup\mp3\♪Denka's Single Collection\Denka35\02 Sparkle (浜崎あゆみ).mp3
E:\Backup\NAS Backup\mp3\♪Denka's Single Collection\Denka35\03 DON'T U EVER STOP (KAT-TUN).mp3
E:\Backup\NAS Backup\mp3\♪Denka's Single Collection\Denka35\04 Jesus (Gackt).mp3
E:\Backup\NAS Backup\mp3\♪Denka's Single Collection\Denka35\05 GHOST (Gackt).mp3
E:\Backup\NAS Backup\mp3\♪Denka's Single Collection\Denka35\06. LOVE ADDICT (VAMPS).mp3
E:\Backup\NAS Backup\mp3\♪Denka's Single Collection\Denka35\07 CLOSER (井上ジョー).mp3
E:\Backup\NAS Backup\mp3\♪Denka's Single Collection\Denka35\08 泪のムコウ (ステレオポニー).mp3
E:\Backup\NAS Backup\mp3\♪Denka's Single Collection\Denka35\09 2℃目の彼女 (シド).mp3
E:\Backup\NAS Backup\mp3\♪Denka's Single Collection\Denka35\10 モノクロのキス (シド).mp3
E:\Backup\NAS Backup\mp3\♪Denka's Single Collection\Denka35\11 今宵、月が見えずとも (ポルノグラフィティ).mp3
E:\Backup\NAS Backup\mp3\♪Denka's Single Collection\Denka35\12 Velonica (Aqua Timez).mp3
E:\Backup\NAS Backup\mp3\♪Denka's Single Collection\Denka35\13 flyaway (BACK-ON).mp3
E:\Backup\NAS Backup\mp3\♪Denka's Single Collection\Denka35\14 ビルマニア (吉井和哉).mp3
E:\Backup\NAS Backup\mp3\♪Denka's Single Collection\Denka35\15 ChaNge the WoRLd (MiChi).mp3
E:\Backup\NAS Backup\mp3\♪Denka's Single Collection\Denka35\16 JUVES (Diggy-MO').mp3
E:\Backup\NAS Backup\mp3\♪Denka's Single Collection\Denka35\17 VEGA (Diggy-MO').mp3
E:\Backup\NAS Backup\mp3\♪Denka's Single Collection\Denka35\18 Friend (愛内里菜).mp3
E:\Backup\NAS Backup\mp3\♪Denka's Single Collection\Denka35\19 素顔のまま (愛内里菜).mp3
E:\Backup\NAS Backup\mp3\♪Denka's Single Collection\Denka35\20 アイノコトバ (愛内里菜).mp3
E:\Backup\NAS Backup\mp3\♪Denka's Single Collection\Denka35\21 永遠 (BoA).mp3
E:\Backup\NAS Backup\mp3\♪Denka's Single Collection\Denka35\22 UNIVERSE feat. Crystal Kay (BoA).mp3
E:\Backup\NAS Backup\mp3\♪Denka's Single Collection\Denka35\23 Believe In LOVE (acoustic version) (BoA).mp3
E:\Backup\NAS Backup\mp3\♪Denka's Single Collection\Denka35\24 音のない世界 (My Little Lover).mp3
E:\Backup\NAS Backup\mp3\♪Denka's Single Collection\Denka35\25 時のベル (My Little Lover).mp3
E:\Backup\NAS Backup\mp3\♪Denka's Single Collection\Denka35\26 桜 (FUNKEY MONKEY BABYS).mp3
E:\Backup\NAS Backup\mp3\♪Denka's Single Collection\Denka35\27 扉 (Greeeen).mp3
E:\Backup\NAS Backup\mp3\♪Denka's Single Collection\Denka35\28 歩み (GReeeeN).mp3
E:\Backup\NAS Backup\mp3\♪Denka's Single Collection\Denka35\29 刹那 (GReeeeN).mp3
E:\Backup\NAS Backup\mp3\♪Denka's Single Collection\Denka35\30 milk (aiko).mp3
E:\Backup\NAS Backup\mp3\♪Denka's Single Collection\Denka35\31 嘆きのキス (aiko).mp3
E:\Backup\NAS Backup\mp3\♪Denka's Single Collection\Denka35\32 いますぐに…(AZU).mp3
E:\Backup\NAS Backup\mp3\♪Denka's Single Collection\Denka35\33 眠り姫 (Acid Black Cherry).mp3
E:\Backup\NAS Backup\mp3\♪Denka's Single Collection\Denka35\34 Bolero (東方神起).mp3
E:\Backup\NAS Backup\mp3\♪Denka's Single Collection\Denka35\35 ナミダボシ feat.詩音 (CLIFF EDGE).mp3
E:\Backup\NAS Backup\mp3\♪Denka's Single Collection\Denka35\36 夢の蕾 (レミオロメン).mp3
E:\Backup\NAS Backup\mp3\♪Denka's Single Collection\Denka35\37 大っきらい でもありがと (青山テルマ).mp3
E:\Backup\NAS Backup\mp3\♪Denka's Single Collection\Denka35\38 雨のワルツ (持田香織).mp3
E:\Backup\NAS Backup\mp3\♪Denka's Single Collection\Denka35\39 キミが好きで (Lil'B).mp3
E:\Backup\NAS Backup\mp3\♪Denka's Single Collection\Denka35\40 永遠の明日 (DEEN).mp3
E:\Backup\NAS Backup\mp3\♪Denka's Single Collection\Denka35\41 WAO! (UNICORN).mp3
E:\Backup\NAS Backup\mp3\♪Denka's Single Collection\Denka35\42 気まぐれロマンティック (いきものがかり).mp3
E:\Backup\NAS Backup\mp3\♪Denka's Single Collection\Denka35\43 Hey!Hey!Alright (スチャダラパー+木村カエラ).mp3
E:\Backup\NAS Backup\mp3\♪Denka's Single Collection\Denka35\44 last cross (光岡昌美).mp3
E:\Backup\NAS Backup\mp3\♪Denka's Single Collection\Denka35\45 Last Love Letter (チャットモンチー).mp3
E:\Backup\NAS Backup\mp3\♪Denka's Single Collection\Denka35\46 masterpiece (川田まみ).mp3
E:\Backup\NAS Backup\mp3\♪Denka's Single Collection\Denka35\47 Freak (MEG).mp3
E:\Backup\NAS Backup\mp3\♪Denka's Single Collection\Denka35\48 GRAND FINALE (BREAKERZ).mp3
E:\Backup\NAS Backup\mp3\♪Denka's Single Collection\Denka35\49 儚くも永久のカナシ (UVERworld).mp3
E:\Backup\NAS Backup\mp3\♪Denka's Single Collection\Denka35\50 朝日 (JAPAN-狂撃-SPECIAL).mp3
E:\Backup\NAS Backup\mp3\♪Denka's Single Collection\Denka36\01. Infinity.mp3
E:\Backup\NAS Backup\mp3\♪Denka's Single Collection\Denka36\02. Seeds of dream (GIRL NEXT DOOR).mp3
E:\Backup\NAS Backup\mp3\♪Denka's Single Collection\Denka36\03. It's all Love!／倖田來未×misono.mp3
E:\Backup\NAS Backup\mp3\♪Denka's Single Collection\Denka36\04. Lick me.mp3
E:\Backup\NAS Backup\mp3\♪Denka's Single Collection\Denka36\05. ECSTASY.mp3
E:\Backup\NAS Backup\mp3\♪Denka's Single Collection\Denka36\06. Hashire.mp3
E:\Backup\NAS Backup\mp3\♪Denka's Single Collection\Denka36\07. end=START.mp3
E:\Backup\NAS Backup\mp3\♪Denka's Single Collection\Denka36\08 .WILD.mp3
E:\Backup\NAS Backup\mp3\♪Denka's Single Collection\Denka36\09. Dr..mp3
E:\Backup\NAS Backup\mp3\♪Denka's Single Collection\Denka36\10 Journey through the Decade.mp3
E:\Backup\NAS Backup\mp3\♪Denka's Single Collection\Denka36\11. 小悪魔ヘヴン.mp3
E:\Backup\NAS Backup\mp3\♪Denka's Single Collection\Denka36\12. Faraway ～星に願いを～.mp3
E:\Backup\NAS Backup\mp3\♪Denka's Single Collection\Denka36\13. Flower.mp3
E:\Backup\NAS Backup\mp3\♪Denka's Single Collection\Denka36\14. 陽炎.mp3
E:\Backup\NAS Backup\mp3\♪Denka's Single Collection\Denka36\15. ワンルーム.ディスコ.mp3
E:\Backup\NAS Backup\mp3\♪Denka's Single Collection\Denka36\16. 少女S.mp3
E:\Backup\NAS Backup\mp3\♪Denka's Single Collection\Denka36\17. Don't say “lazy”.mp3
E:\Backup\NAS Backup\mp3\♪Denka's Single Collection\Denka36\18. Cagayake!GIRLS.mp3
E:\Backup\NAS Backup\mp3\♪Denka's Single Collection\Denka36\19. ふわふわ時間.mp3
E:\Backup\NAS Backup\mp3\♪Denka's Single Collection\Denka36\20. 本日、満開ワタシ色！.mp3
E:\Backup\NAS Backup\mp3\♪Denka's Single Collection\Denka36\21. Heart Goes Boom!!.mp3
E:\Backup\NAS Backup\mp3\♪Denka's Single Collection\Denka36\22. ギー太に首ったけ.mp3
E:\Backup\NAS Backup\mp3\♪Denka's Single Collection\Denka36\23. チューしようぜ!.mp3
E:\Backup\NAS Backup\mp3\♪Denka's Single Collection\Denka36\24. 涙 プライズ！.mp3
E:\Backup\NAS Backup\mp3\♪Denka's Single Collection\Denka36\25. THE MONSTER ～Someday～.mp3
E:\Backup\NAS Backup\mp3\♪Denka's Single Collection\Denka36\26. 心のアンテナ.mp3
E:\Backup\NAS Backup\mp3\♪Denka's Single Collection\Denka36\27. again.mp3
E:\Backup\NAS Backup\mp3\♪Denka's Single Collection\Denka36\28. 素直に言えなくて.mp3
E:\Backup\NAS Backup\mp3\♪Denka's Single Collection\Denka36\29. ホタルノヒカリ.mp3
E:\Backup\NAS Backup\mp3\♪Denka's Single Collection\Denka36\30. ふたり.mp3
E:\Backup\NAS Backup\mp3\♪Denka's Single Collection\Denka36\31. SAD TO SAY.mp3
E:\Backup\NAS Backup\mp3\♪Denka's Single Collection\Denka36\32. 銀河.mp3
E:\Backup\NAS Backup\mp3\♪Denka's Single Collection\Denka36\33. いつまでも.mp3
E:\Backup\NAS Backup\mp3\♪Denka's Single Collection\Denka36\34. 終点 ～君の腕の中～.mp3
E:\Backup\NAS Backup\mp3\♪Denka's Single Collection\Denka36\35. 逢いたい.mp3
E:\Backup\NAS Backup\mp3\♪Denka's Single Collection\Denka36\36. Celebrate.mp3
E:\Backup\NAS Backup\mp3\♪Denka's Single Collection\Denka36\37. 遥か.mp3
E:\Backup\NAS Backup\mp3\♪Denka's Single Collection\Denka36\38. 明日がくるなら JUJU with JAY'ED.mp3
E:\Backup\NAS Backup\mp3\♪Denka's Single Collection\Denka36\39 久遠の河.mp3
E:\Backup\NAS Backup\mp3\♪Denka's Single Collection\Denka36\40. I WISH.mp3
E:\Backup\NAS Backup\mp3\♪Denka's Single Collection\Denka36\42. ありあまる富.mp3
E:\Backup\NAS Backup\mp3\♪Denka's Single Collection\Denka36\43. STAY.mp3
E:\Backup\NAS Backup\mp3\♪Denka's Single Collection\Denka36\44 虹 (コブクロ).mp3
E:\Backup\NAS Backup\mp3\♪Denka's Single Collection\Denka36\45. みんな空の下.mp3
E:\Backup\NAS Backup\mp3\♪Denka's Single Collection\Denka36\46. 君に会いたくなるから.mp3
E:\Backup\NAS Backup\mp3\♪Denka's Single Collection\Denka36\47. BANZAI.mp3
E:\Backup\NAS Backup\mp3\♪Denka's Single Collection\Denka36\48. とろけちゃうダンディ～.mp3
E:\Backup\NAS Backup\mp3\♪Denka's Single Collection\Denka36\49. Switch.mp3
E:\Backup\NAS Backup\mp3\♪Denka's Single Collection\Denka36\50. Share The World.mp3
E:\Backup\NAS Backup\mp3\♪Denka's Single Collection\Denka36\51. Beautiful.mp3
E:\Backup\NAS Backup\mp3\♪Denka's Single Collection\Denka36\52. 砂時計.mp3
E:\Backup\NAS Backup\mp3\♪Denka's Single Collection\Denka36\53. 泣いてもいいですか.mp3
