E:\Backup\NAS Backup\mp3\☆洋楽アルバム\♪オムニバス\Denka's Wedding BGM候補曲\01_ワイルド・チャイルド.mp3
E:\Backup\NAS Backup\mp3\☆洋楽アルバム\♪オムニバス\Denka's Wedding BGM候補曲\02_オリノコ・フロウ.mp3
E:\Backup\NAS Backup\mp3\☆洋楽アルバム\♪オムニバス\Denka's Wedding BGM候補曲\03_エニウェア・イズ.mp3
E:\Backup\NAS Backup\mp3\☆洋楽アルバム\♪オムニバス\Denka's Wedding BGM候補曲\04_シェイプ・オブ・マイ・ハート(バックストリート・ボーイズ).mp3
E:\Backup\NAS Backup\mp3\☆洋楽アルバム\♪オムニバス\Denka's Wedding BGM候補曲\05_ゼア・マスト・ビー・アン・エンジェル(ユーリズミックス).mp3
E:\Backup\NAS Backup\mp3\☆洋楽アルバム\♪オムニバス\Denka's Wedding BGM候補曲\06_ウィ・アー・オール・アローン(ボズ・スキャッグス).mp3
E:\Backup\NAS Backup\mp3\☆洋楽アルバム\♪オムニバス\Denka's Wedding BGM候補曲\07_アイ・ウォント・イット・ザット・ウェイ (バックストリート・ボーイズ).mp3
E:\Backup\NAS Backup\mp3\☆洋楽アルバム\♪オムニバス\Denka's Wedding BGM候補曲\08_愛はかげろうのように (シャーリーン).mp3
E:\Backup\NAS Backup\mp3\☆洋楽アルバム\♪オムニバス\Denka's Wedding BGM候補曲\09_変わらぬ想い (ジョージ・ベンソン).mp3
E:\Backup\NAS Backup\mp3\☆洋楽アルバム\♪オムニバス\Denka's Wedding BGM候補曲\10_ラヴィン・ユー (ミニー・リパートン).mp3
E:\Backup\NAS Backup\mp3\☆洋楽アルバム\♪オムニバス\Denka's Wedding BGM候補曲\11_My Hearts will go on .mp3
E:\Backup\NAS Backup\mp3\☆洋楽アルバム\♪オムニバス\Denka's Wedding BGM候補曲\12_セイブ・ザ・ベスト・フォー・ラスト (ヴァネッサ・ウイリアムズ).mp3
E:\Backup\NAS Backup\mp3\☆洋楽アルバム\♪オムニバス\Denka's Wedding BGM候補曲\13_ビー・マイ・ベイビー (ヴァネッサ・バラディ).mp3
E:\Backup\NAS Backup\mp3\☆洋楽アルバム\♪オムニバス\Denka's Wedding BGM候補曲\14_胸いっぱいの愛(バングルス).mp3
E:\Backup\NAS Backup\mp3\☆洋楽アルバム\♪オムニバス\Denka's Wedding BGM候補曲\15_トゥルー・カラーズ(シンディ・ローパー).mp3
E:\Backup\NAS Backup\mp3\☆洋楽アルバム\♪オムニバス\Denka's Wedding BGM候補曲\16_EVERYTHING'S GONNA BE ALRIGHT.mp3
E:\Backup\NAS Backup\mp3\☆洋楽アルバム\♪オムニバス\Denka's Wedding BGM候補曲\17_Everyday is a windingroad.mp3
E:\Backup\NAS Backup\mp3\☆洋楽アルバム\♪オムニバス\Denka's Wedding BGM候補曲\18_YOU(浜崎あゆみ).MP3
E:\Backup\NAS Backup\mp3\☆洋楽アルバム\♪オムニバス\Denka's Wedding BGM候補曲\19_ふたつ星 （I WISH）.mp3
E:\Backup\NAS Backup\mp3\☆洋楽アルバム\from Shunsuke\(There's Gotta Be) More to Life（ステーシー・オリコ）.mp3
E:\Backup\NAS Backup\mp3\☆洋楽アルバム\from Shunsuke\01-Michel Polnareff-Cheer Up!! _Summer A Go Go-Tout Tout Pour Ma Cherie.mp3
E:\Backup\NAS Backup\mp3\☆洋楽アルバム\from Shunsuke\03-Eric Clapton-Time Pieces _ The Best Of-Knockin' On Heaven's Door.mp3
E:\Backup\NAS Backup\mp3\☆洋楽アルバム\from Shunsuke\06-Dido-Big-White Flag.mp3
E:\Backup\NAS Backup\mp3\☆洋楽アルバム\from Shunsuke\06-Natalie Imbruglia-Monster Hits! 2000-Torn.mp3
E:\Backup\NAS Backup\mp3\☆洋楽アルバム\from Shunsuke\09-Boyz II Men-II-I'll Make Love To You.mp3
E:\Backup\NAS Backup\mp3\☆洋楽アルバム\from Shunsuke\10-Sade-Max Best Hit In The World-Kiss Of Life.mp3
E:\Backup\NAS Backup\mp3\☆洋楽アルバム\from Shunsuke\11-Keziah Jones-NOW 3-Million Miles From Home.mp3
E:\Backup\NAS Backup\mp3\☆洋楽アルバム\from Shunsuke\12-Boyz II Men-II-Water Runs Dry.mp3
E:\Backup\NAS Backup\mp3\☆洋楽アルバム\from Shunsuke\12-Michelle Branch-Link 2-Goodbye To You.mp3
E:\Backup\NAS Backup\mp3\☆洋楽アルバム\from Shunsuke\12-The Village People-Cheer Up!! _Summer A Go Go-In The NAVY.mp3
E:\Backup\NAS Backup\mp3\☆洋楽アルバム\from Shunsuke\15-Phil Collins-Max 5-True Colors.mp3
E:\Backup\NAS Backup\mp3\☆洋楽アルバム\from Shunsuke\16-Blessid Union Of Souls-NOW 3-I Believe.mp3
E:\Backup\NAS Backup\mp3\☆洋楽アルバム\from Shunsuke\All My Best Friends Are Metalheads　　Less Than Jake.mp3
E:\Backup\NAS Backup\mp3\☆洋楽アルバム\from Shunsuke\Alone Again（ジェームス・マクドナルド）.mp3
E:\Backup\NAS Backup\mp3\☆洋楽アルバム\from Shunsuke\Angel (Explicit Album Version)　　Pharrell.mp3
E:\Backup\NAS Backup\mp3\☆洋楽アルバム\from Shunsuke\Boyfriend　　アシュリー・シンプソン_I.mp3
E:\Backup\NAS Backup\mp3\☆洋楽アルバム\from Shunsuke\Calling You   Natalie Cole.mp3
E:\Backup\NAS Backup\mp3\☆洋楽アルバム\from Shunsuke\Carnival（カーディガンズ）.mp3
E:\Backup\NAS Backup\mp3\☆洋楽アルバム\from Shunsuke\Concrete Quick Sand　　The Sushi Cabaret Club.mp3
E:\Backup\NAS Backup\mp3\☆洋楽アルバム\from Shunsuke\Doesn't Really Matter(Janet Jackson).mp3
E:\Backup\NAS Backup\mp3\☆洋楽アルバム\from Shunsuke\Do'nt Know Why(Norah Jones).mp3
E:\Backup\NAS Backup\mp3\☆洋楽アルバム\from Shunsuke\Do't Worry_Be Happy(Bobby Macferrin).mp3
E:\Backup\NAS Backup\mp3\☆洋楽アルバム\from Shunsuke\Every Breath You Take(The Police).mp3
E:\Backup\NAS Backup\mp3\☆洋楽アルバム\from Shunsuke\Feel Good Inc(Gorillaz).mp3
E:\Backup\NAS Backup\mp3\☆洋楽アルバム\from Shunsuke\Get Your Way　　Jamie Cullum.mp3
E:\Backup\NAS Backup\mp3\☆洋楽アルバム\from Shunsuke\Gimme That（ザ・リソース）.mp3
E:\Backup\NAS Backup\mp3\☆洋楽アルバム\from Shunsuke\Hollaback Girl　　Gwen Stefani.mp3
E:\Backup\NAS Backup\mp3\☆洋楽アルバム\from Shunsuke\I'm a Beleiver(Smash Mouth).mp3
E:\Backup\NAS Backup\mp3\☆洋楽アルバム\from Shunsuke\I'm Not　in Love(10cc).mp3
E:\Backup\NAS Backup\mp3\☆洋楽アルバム\from Shunsuke\INVISIVLE（Clay Aiken).mp3
E:\Backup\NAS Backup\mp3\☆洋楽アルバム\from Shunsuke\Island in the Sun(Weezer).mp3
E:\Backup\NAS Backup\mp3\☆洋楽アルバム\from Shunsuke\Joanna (Single Version)　　Kool & The.mp3
E:\Backup\NAS Backup\mp3\☆洋楽アルバム\from Shunsuke\Lose Yourself（Eminem).mp3
E:\Backup\NAS Backup\mp3\☆洋楽アルバム\from Shunsuke\Lovin' You（ミニー・リッパートン）.mp3
E:\Backup\NAS Backup\mp3\☆洋楽アルバム\from Shunsuke\Lowrider(Steve Edomonds).mp3
E:\Backup\NAS Backup\mp3\☆洋楽アルバム\from Shunsuke\Me Faltas Tu(Natalie).mp3
E:\Backup\NAS Backup\mp3\☆洋楽アルバム\from Shunsuke\Message In a Bottle　　The Police.mp3
E:\Backup\NAS Backup\mp3\☆洋楽アルバム\from Shunsuke\Minimum Wage　　Fenix TX_Fenix.mp3
E:\Backup\NAS Backup\mp3\☆洋楽アルバム\from Shunsuke\Missing(Todd TerryRemix)EBTG.mp3
E:\Backup\NAS Backup\mp3\☆洋楽アルバム\from Shunsuke\Monster Hospital　　Metric.mp3
E:\Backup\NAS Backup\mp3\☆洋楽アルバム\from Shunsuke\More Than Words（Extreme).mp3
E:\Backup\NAS Backup\mp3\☆洋楽アルバム\from Shunsuke\muskacha　　moLo.mp3
E:\Backup\NAS Backup\mp3\☆洋楽アルバム\from Shunsuke\MY SHARONA(The Knacks).mp3
E:\Backup\NAS Backup\mp3\☆洋楽アルバム\from Shunsuke\My Way　（Def　Tecｈ）.mp3
E:\Backup\NAS Backup\mp3\☆洋楽アルバム\from Shunsuke\No Sleep Tonight　　The Faders.mp3
E:\Backup\NAS Backup\mp3\☆洋楽アルバム\from Shunsuke\One Year, Six Months　　Yellowcard.mp3
E:\Backup\NAS Backup\mp3\☆洋楽アルバム\from Shunsuke\Pon de Replay (Radio Edit)　（Rihanna).mp3
E:\Backup\NAS Backup\mp3\☆洋楽アルバム\from Shunsuke\Sick Inside (Peter Mokran Mix)　　Hope Partlow & Peter Mokran.mp3
E:\Backup\NAS Backup\mp3\☆洋楽アルバム\from Shunsuke\Sign（オーシャンレーン）.mp3
E:\Backup\NAS Backup\mp3\☆洋楽アルバム\from Shunsuke\Sowing the Seeds of Love　　Tears for　Fears.mp3
E:\Backup\NAS Backup\mp3\☆洋楽アルバム\from Shunsuke\Stuck（ステーシｰ・オリコ）.mp3
E:\Backup\NAS Backup\mp3\☆洋楽アルバム\from Shunsuke\Suga Suga　　Baby Bash.mp3
E:\Backup\NAS Backup\mp3\☆洋楽アルバム\from Shunsuke\That Girl　　Change Up.mp3
E:\Backup\NAS Backup\mp3\☆洋楽アルバム\from Shunsuke\The Rock Show　　ブリンク182.mp3
E:\Backup\NAS Backup\mp3\☆洋楽アルバム\from Shunsuke\Times Like These　　Jack Johnson.mp3
E:\Backup\NAS Backup\mp3\☆洋楽アルバム\from Shunsuke\Tom's Diner　（Suzanne Vega & DNA）.mp3
E:\Backup\NAS Backup\mp3\☆洋楽アルバム\from Shunsuke\Walkie Talkie Man（Steriogram).mp3
E:\Backup\NAS Backup\mp3\☆洋楽アルバム\from Shunsuke\Where Is the Love　　Black Eyed Peas.mp3
E:\Backup\NAS Backup\mp3\☆洋楽アルバム\from Shunsuke\White Room（クリーム）.mp3
