E:\Backup\NAS Backup\mp3\☆洋楽アルバム\☆enya\And Winter Came (Enya)\01.Enya - And Winter Came.mp3
E:\Backup\NAS Backup\mp3\☆洋楽アルバム\☆enya\And Winter Came (Enya)\02.Enya - Journey Of The Angels.mp3
E:\Backup\NAS Backup\mp3\☆洋楽アルバム\☆enya\And Winter Came (Enya)\03.Enya - White Is In The Winter Night.mp3
E:\Backup\NAS Backup\mp3\☆洋楽アルバム\☆enya\And Winter Came (Enya)\04.Enya - O Come, O Come, Emmanuel.mp3
E:\Backup\NAS Backup\mp3\☆洋楽アルバム\☆enya\And Winter Came (Enya)\05.Enya - Trains and Winter Rains.mp3
E:\Backup\NAS Backup\mp3\☆洋楽アルバム\☆enya\And Winter Came (Enya)\06.Enya - Dreams Are More Precious.mp3
E:\Backup\NAS Backup\mp3\☆洋楽アルバム\☆enya\And Winter Came (Enya)\07.Enya - Last Time By Moonlight.mp3
E:\Backup\NAS Backup\mp3\☆洋楽アルバム\☆enya\And Winter Came (Enya)\08.Enya - One Toy Soldier.mp3
E:\Backup\NAS Backup\mp3\☆洋楽アルバム\☆enya\And Winter Came (Enya)\09.Enya - Stars and Midnight Blue.mp3
E:\Backup\NAS Backup\mp3\☆洋楽アルバム\☆enya\And Winter Came (Enya)\10.Enya - The Spirit Of Christmas Past.mp3
E:\Backup\NAS Backup\mp3\☆洋楽アルバム\☆enya\And Winter Came (Enya)\11.Enya - My! My! Time Flies!.mp3
E:\Backup\NAS Backup\mp3\☆洋楽アルバム\☆enya\And Winter Came (Enya)\12.Enya - Oiche Chiuin (Chorale).mp3
E:\Backup\NAS Backup\mp3\☆洋楽アルバム\☆enya\The very best of Enya (Enya)\01 Orinoco Flow.mp3
E:\Backup\NAS Backup\mp3\☆洋楽アルバム\☆enya\The very best of Enya (Enya)\02 Aniron (I Desire).mp3
E:\Backup\NAS Backup\mp3\☆洋楽アルバム\☆enya\The very best of Enya (Enya)\03 Storms In Africa.mp3
E:\Backup\NAS Backup\mp3\☆洋楽アルバム\☆enya\The very best of Enya (Enya)\04 Caribbean Blue.mp3
E:\Backup\NAS Backup\mp3\☆洋楽アルバム\☆enya\The very best of Enya (Enya)\05 Book of Days.mp3
E:\Backup\NAS Backup\mp3\☆洋楽アルバム\☆enya\The very best of Enya (Enya)\06 The Celts.mp3
E:\Backup\NAS Backup\mp3\☆洋楽アルバム\☆enya\The very best of Enya (Enya)\07 Only Time.mp3
E:\Backup\NAS Backup\mp3\☆洋楽アルバム\☆enya\The very best of Enya (Enya)\08 Wild Child.mp3
E:\Backup\NAS Backup\mp3\☆洋楽アルバム\☆enya\The very best of Enya (Enya)\09 Water Shows the Hidden Heart.mp3
E:\Backup\NAS Backup\mp3\☆洋楽アルバム\☆enya\The very best of Enya (Enya)\10 Anywhere Is.mp3
E:\Backup\NAS Backup\mp3\☆洋楽アルバム\☆enya\The very best of Enya (Enya)\11 Cursum Perficio.mp3
E:\Backup\NAS Backup\mp3\☆洋楽アルバム\☆enya\The very best of Enya (Enya)\12 Amarantine.mp3
E:\Backup\NAS Backup\mp3\☆洋楽アルバム\☆enya\The very best of Enya (Enya)\13 Aldebaran.mp3
E:\Backup\NAS Backup\mp3\☆洋楽アルバム\☆enya\The very best of Enya (Enya)\14 Trains and Winter Rains.mp3
E:\Backup\NAS Backup\mp3\☆洋楽アルバム\☆enya\The very best of Enya (Enya)\15 Watermark.mp3
E:\Backup\NAS Backup\mp3\☆洋楽アルバム\☆enya\The very best of Enya (Enya)\16 Boadicea.mp3
E:\Backup\NAS Backup\mp3\☆洋楽アルバム\☆enya\The very best of Enya (Enya)\17 A Day Without Rain.mp3
E:\Backup\NAS Backup\mp3\☆洋楽アルバム\☆enya\The very best of Enya (Enya)\18 May It Be.mp3
E:\Backup\NAS Backup\mp3\☆洋楽アルバム\☆enya\フォー・ラヴァーズ 「冷静と情熱のあいだ」テーマ曲集 (enya)\01_ワイルド・チャイルド.mp3
E:\Backup\NAS Backup\mp3\☆洋楽アルバム\☆enya\フォー・ラヴァーズ 「冷静と情熱のあいだ」テーマ曲集 (enya)\02_カリビアン・ブルー.mp3
E:\Backup\NAS Backup\mp3\☆洋楽アルバム\☆enya\フォー・ラヴァーズ 「冷静と情熱のあいだ」テーマ曲集 (enya)\03_ブック・オブ・デイズ.mp3
E:\Backup\NAS Backup\mp3\☆洋楽アルバム\☆enya\フォー・ラヴァーズ 「冷静と情熱のあいだ」テーマ曲集 (enya)\04_アフェール・ヴェントゥス.mp3
E:\Backup\NAS Backup\mp3\☆洋楽アルバム\☆enya\フォー・ラヴァーズ 「冷静と情熱のあいだ」テーマ曲集 (enya)\05_ウォーターマーク.mp3
E:\Backup\NAS Backup\mp3\☆洋楽アルバム\☆enya\フォー・ラヴァーズ 「冷静と情熱のあいだ」テーマ曲集 (enya)\06_オリノコ・フロウ.mp3
E:\Backup\NAS Backup\mp3\☆洋楽アルバム\☆enya\フォー・ラヴァーズ 「冷静と情熱のあいだ」テーマ曲集 (enya)\07_ケルツ.mp3
E:\Backup\NAS Backup\mp3\☆洋楽アルバム\☆enya\フォー・ラヴァーズ 「冷静と情熱のあいだ」テーマ曲集 (enya)\08_ワンス・ユー・ハド・ゴールド.mp3
E:\Backup\NAS Backup\mp3\☆洋楽アルバム\☆enya\フォー・ラヴァーズ 「冷静と情熱のあいだ」テーマ曲集 (enya)\09_三題詩.mp3
E:\Backup\NAS Backup\mp3\☆洋楽アルバム\☆enya\フォー・ラヴァーズ 「冷静と情熱のあいだ」テーマ曲集 (enya)\10_エニウェア・イズ.mp3
E:\Backup\NAS Backup\mp3\☆洋楽アルバム\☆enya\フォー・ラヴァーズ 「冷静と情熱のあいだ」テーマ曲集 (enya)\11_フェアリーテイル.mp3
E:\Backup\NAS Backup\mp3\☆洋楽アルバム\☆enya\フォー・ラヴァーズ 「冷静と情熱のあいだ」テーマ曲集 (enya)\12_イヴニング・フォールズ・・・.mp3
E:\Backup\NAS Backup\mp3\☆洋楽アルバム\☆enya\フォー・ラヴァーズ 「冷静と情熱のあいだ」テーマ曲集 (enya)\13_ソング・オブ・ザ・サンドマン（ララバイ）.mp3
E:\Backup\NAS Backup\mp3\☆洋楽アルバム\☆enya\フォー・ラヴァーズ 「冷静と情熱のあいだ」テーマ曲集 (enya)\14_ザ・プロミス.mp3
E:\Backup\NAS Backup\mp3\☆洋楽アルバム\☆Norah Jones\the greatest hits (Norah Jones)\01 In the Morning.mp3
E:\Backup\NAS Backup\mp3\☆洋楽アルバム\☆Norah Jones\the greatest hits (Norah Jones)\02 Don't Know Why.mp3
E:\Backup\NAS Backup\mp3\☆洋楽アルバム\☆Norah Jones\the greatest hits (Norah Jones)\04 The Long Way Home.mp3
E:\Backup\NAS Backup\mp3\☆洋楽アルバム\☆Norah Jones\the greatest hits (Norah Jones)\05 I'll Be Your Baby Tonight.mp3
E:\Backup\NAS Backup\mp3\☆洋楽アルバム\☆Norah Jones\the greatest hits (Norah Jones)\06 Love me tender (Princess Diaries 2 OST).mp3
E:\Backup\NAS Backup\mp3\☆洋楽アルバム\☆Norah Jones\the greatest hits (Norah Jones)\08 Come Away With Me.mp3
E:\Backup\NAS Backup\mp3\☆洋楽アルバム\☆Norah Jones\the greatest hits (Norah Jones)\09 Thinking About You.mp3
E:\Backup\NAS Backup\mp3\☆洋楽アルバム\☆Norah Jones\the greatest hits (Norah Jones)\10 Sunrise.mp3
E:\Backup\NAS Backup\mp3\☆洋楽アルバム\☆Norah Jones\the greatest hits (Norah Jones)\11 Lonestar.mp3
E:\Backup\NAS Backup\mp3\☆洋楽アルバム\☆Norah Jones\the greatest hits (Norah Jones)\12 Turn Me On.mp3
E:\Backup\NAS Backup\mp3\☆洋楽アルバム\☆Norah Jones\the greatest hits (Norah Jones)\13 More Than This.mp3
E:\Backup\NAS Backup\mp3\☆洋楽アルバム\☆Norah Jones\the greatest hits (Norah Jones)\14 I've Got To See You Again.mp3
E:\Backup\NAS Backup\mp3\☆洋楽アルバム\☆Norah Jones\the greatest hits (Norah Jones)\15 Those Sweet Words.mp3
E:\Backup\NAS Backup\mp3\☆洋楽アルバム\☆Norah Jones\the greatest hits (Norah Jones)\16 Carnival Town.mp3
E:\Backup\NAS Backup\mp3\☆洋楽アルバム\☆Norah Jones\the greatest hits (Norah Jones)\17 Sleepless Nights.mp3
E:\Backup\NAS Backup\mp3\☆洋楽アルバム\☆Norah Jones\the greatest hits (Norah Jones)\18 Cold Cold Heart.mp3
E:\Backup\NAS Backup\mp3\☆洋楽アルバム\☆Norah Jones\the greatest hits (Norah Jones)\19 The Story.mp3
