E:\Backup\NAS Backup\mp3\☆邦楽アルバム\☆EveryLittleThing\Every Best Singles ～Complete～\Disc 1\01 Feel My Heart.mp3
E:\Backup\NAS Backup\mp3\☆邦楽アルバム\☆EveryLittleThing\Every Best Singles ～Complete～\Disc 1\02 Future World.mp3
E:\Backup\NAS Backup\mp3\☆邦楽アルバム\☆EveryLittleThing\Every Best Singles ～Complete～\Disc 1\03 Dear My Friend.mp3
E:\Backup\NAS Backup\mp3\☆邦楽アルバム\☆EveryLittleThing\Every Best Singles ～Complete～\Disc 1\04 For the moment.mp3
E:\Backup\NAS Backup\mp3\☆邦楽アルバム\☆EveryLittleThing\Every Best Singles ～Complete～\Disc 1\05 出逢った頃のように.mp3
E:\Backup\NAS Backup\mp3\☆邦楽アルバム\☆EveryLittleThing\Every Best Singles ～Complete～\Disc 1\06 Shapes Of Love.mp3
E:\Backup\NAS Backup\mp3\☆邦楽アルバム\☆EveryLittleThing\Every Best Singles ～Complete～\Disc 1\07 Never Stop!.mp3
E:\Backup\NAS Backup\mp3\☆邦楽アルバム\☆EveryLittleThing\Every Best Singles ～Complete～\Disc 1\08 Face the change.mp3
E:\Backup\NAS Backup\mp3\☆邦楽アルバム\☆EveryLittleThing\Every Best Singles ～Complete～\Disc 1\09 Time goes by.mp3
E:\Backup\NAS Backup\mp3\☆邦楽アルバム\☆EveryLittleThing\Every Best Singles ～Complete～\Disc 1\10 FOREVER YOURS.mp3
E:\Backup\NAS Backup\mp3\☆邦楽アルバム\☆EveryLittleThing\Every Best Singles ～Complete～\Disc 1\11 NECESSARY.mp3
E:\Backup\NAS Backup\mp3\☆邦楽アルバム\☆EveryLittleThing\Every Best Singles ～Complete～\Disc 1\12 Over and Over.mp3
E:\Backup\NAS Backup\mp3\☆邦楽アルバム\☆EveryLittleThing\Every Best Singles ～Complete～\Disc 1\13 Someday, Someplace.mp3
E:\Backup\NAS Backup\mp3\☆邦楽アルバム\☆EveryLittleThing\Every Best Singles ～Complete～\Disc 2\01 Pray.mp3
E:\Backup\NAS Backup\mp3\☆邦楽アルバム\☆EveryLittleThing\Every Best Singles ～Complete～\Disc 2\02 Get Into A Groove.mp3
E:\Backup\NAS Backup\mp3\☆邦楽アルバム\☆EveryLittleThing\Every Best Singles ～Complete～\Disc 2\03 sure.mp3
E:\Backup\NAS Backup\mp3\☆邦楽アルバム\☆EveryLittleThing\Every Best Singles ～Complete～\Disc 2\04 Rescue me.mp3
E:\Backup\NAS Backup\mp3\☆邦楽アルバム\☆EveryLittleThing\Every Best Singles ～Complete～\Disc 2\05 Smile Again.mp3
E:\Backup\NAS Backup\mp3\☆邦楽アルバム\☆EveryLittleThing\Every Best Singles ～Complete～\Disc 2\06 愛のカケラ.mp3
E:\Backup\NAS Backup\mp3\☆邦楽アルバム\☆EveryLittleThing\Every Best Singles ～Complete～\Disc 2\07 fragile.mp3
E:\Backup\NAS Backup\mp3\☆邦楽アルバム\☆EveryLittleThing\Every Best Singles ～Complete～\Disc 2\08 JIRENMA.mp3
E:\Backup\NAS Backup\mp3\☆邦楽アルバム\☆EveryLittleThing\Every Best Singles ～Complete～\Disc 2\09 Graceful World.mp3
E:\Backup\NAS Backup\mp3\☆邦楽アルバム\☆EveryLittleThing\Every Best Singles ～Complete～\Disc 2\10 jump.mp3
E:\Backup\NAS Backup\mp3\☆邦楽アルバム\☆EveryLittleThing\Every Best Singles ～Complete～\Disc 2\11 キヲク.mp3
E:\Backup\NAS Backup\mp3\☆邦楽アルバム\☆EveryLittleThing\Every Best Singles ～Complete～\Disc 2\12 ささやかな祈り.mp3
E:\Backup\NAS Backup\mp3\☆邦楽アルバム\☆EveryLittleThing\Every Best Singles ～Complete～\Disc 3\01 UNSPEAKABLE.mp3
E:\Backup\NAS Backup\mp3\☆邦楽アルバム\☆EveryLittleThing\Every Best Singles ～Complete～\Disc 3\02 愛の謳.mp3
E:\Backup\NAS Backup\mp3\☆邦楽アルバム\☆EveryLittleThing\Every Best Singles ～Complete～\Disc 3\03 ルーム.mp3
E:\Backup\NAS Backup\mp3\☆邦楽アルバム\☆EveryLittleThing\Every Best Singles ～Complete～\Disc 3\04 nostalgia.mp3
E:\Backup\NAS Backup\mp3\☆邦楽アルバム\☆EveryLittleThing\Every Best Singles ～Complete～\Disc 3\05 Grip!.mp3
E:\Backup\NAS Backup\mp3\☆邦楽アルバム\☆EveryLittleThing\Every Best Singles ～Complete～\Disc 3\06 ファンダメンタル・ラブ.mp3
E:\Backup\NAS Backup\mp3\☆邦楽アルバム\☆EveryLittleThing\Every Best Singles ～Complete～\Disc 3\07 また あした.mp3
E:\Backup\NAS Backup\mp3\☆邦楽アルバム\☆EveryLittleThing\Every Best Singles ～Complete～\Disc 3\08 一日の始まりに….mp3
E:\Backup\NAS Backup\mp3\☆邦楽アルバム\☆EveryLittleThing\Every Best Singles ～Complete～\Disc 3\09 しあわせの風景.mp3
E:\Backup\NAS Backup\mp3\☆邦楽アルバム\☆EveryLittleThing\Every Best Singles ～Complete～\Disc 3\10 ソラアイ.mp3
E:\Backup\NAS Backup\mp3\☆邦楽アルバム\☆EveryLittleThing\Every Best Singles ～Complete～\Disc 3\11 恋文.mp3
E:\Backup\NAS Backup\mp3\☆邦楽アルバム\☆EveryLittleThing\Every Best Singles ～Complete～\Disc 3\12 good night.mp3
E:\Backup\NAS Backup\mp3\☆邦楽アルバム\☆EveryLittleThing\Every Best Singles ～Complete～\Disc 4\01 きみの て.mp3
E:\Backup\NAS Backup\mp3\☆邦楽アルバム\☆EveryLittleThing\Every Best Singles ～Complete～\Disc 4\02 azure moon.mp3
E:\Backup\NAS Backup\mp3\☆邦楽アルバム\☆EveryLittleThing\Every Best Singles ～Complete～\Disc 4\03 ハイファイ メッセージ.mp3
E:\Backup\NAS Backup\mp3\☆邦楽アルバム\☆EveryLittleThing\Every Best Singles ～Complete～\Disc 4\04 スイミー.mp3
E:\Backup\NAS Backup\mp3\☆邦楽アルバム\☆EveryLittleThing\Every Best Singles ～Complete～\Disc 4\05 キラメキアワー.mp3
E:\Backup\NAS Backup\mp3\☆邦楽アルバム\☆EveryLittleThing\Every Best Singles ～Complete～\Disc 4\06 恋をしている.mp3
E:\Backup\NAS Backup\mp3\☆邦楽アルバム\☆EveryLittleThing\Every Best Singles ～Complete～\Disc 4\07 冬がはじまるよ.mp3
E:\Backup\NAS Backup\mp3\☆邦楽アルバム\☆EveryLittleThing\Every Best Singles ～Complete～\Disc 4\08 サクラビト.mp3
E:\Backup\NAS Backup\mp3\☆邦楽アルバム\☆EveryLittleThing\Every Best Singles ～Complete～\Disc 4\09 あたらしい日々.mp3
E:\Backup\NAS Backup\mp3\☆邦楽アルバム\☆EveryLittleThing\Every Best Singles ～Complete～\Disc 4\10 黄金の月.mp3
E:\Backup\NAS Backup\mp3\☆邦楽アルバム\☆EveryLittleThing\Every Best Singles ～Complete～\Disc 4\11 DREAM GOES ON.mp3
E:\Backup\NAS Backup\mp3\☆邦楽アルバム\☆EveryLittleThing\Every Best Singles ～Complete～\Disc 4\12 冷たい雨.mp3
E:\Backup\NAS Backup\mp3\☆邦楽アルバム\☆EveryLittleThing\Every Best Singles ～Complete～\Disc 4\13 Time goes by ～ as time goes by (K.mp3
E:\Backup\NAS Backup\mp3\☆邦楽アルバム\☆安室奈美恵\Checkmate! (安室奈美惠)\01 Wonder Woman feat. AI & Anna Tsuc.mp3
E:\Backup\NAS Backup\mp3\☆邦楽アルバム\☆安室奈美恵\Checkmate! (安室奈美惠)\02 UNUSUAL feat. Yamashita Tomohisa.mp3
E:\Backup\NAS Backup\mp3\☆邦楽アルバム\☆安室奈美恵\Checkmate! (安室奈美惠)\03 make it happen feat. AFTERSCHOOL.mp3
E:\Backup\NAS Backup\mp3\☆邦楽アルバム\☆安室奈美恵\Checkmate! (安室奈美惠)\04 ROCK U feat. Namie Amuro.mp3
E:\Backup\NAS Backup\mp3\☆邦楽アルバム\☆安室奈美恵\Checkmate! (安室奈美惠)\05 Do What U Gotta Do feat. AI, Nami.mp3
E:\Backup\NAS Backup\mp3\☆邦楽アルバム\☆安室奈美恵\Checkmate! (安室奈美惠)\06 Wet 'N Wild feat. SUITE CHIC.mp3
E:\Backup\NAS Backup\mp3\☆邦楽アルバム\☆安室奈美恵\Checkmate! (安室奈美惠)\07 Do or Die feat. Namie Amuro.mp3
E:\Backup\NAS Backup\mp3\☆邦楽アルバム\☆安室奈美恵\Checkmate! (安室奈美惠)\08 FAKE feat. Namie Amuro.mp3
E:\Backup\NAS Backup\mp3\☆邦楽アルバム\☆安室奈美恵\Checkmate! (安室奈美惠)\09 #1 feat. Kawabata Kaname (CHEMIST.mp3
E:\Backup\NAS Backup\mp3\☆邦楽アルバム\☆安室奈美恵\Checkmate! (安室奈美惠)\10 BLACK OUT feat. Lil Wayne & Namie.mp3
E:\Backup\NAS Backup\mp3\☆邦楽アルバム\☆安室奈美恵\Checkmate! (安室奈美惠)\11 BLACK DIAMOND (DOUBLE x Namie.mp3
E:\Backup\NAS Backup\mp3\☆邦楽アルバム\☆安室奈美恵\Checkmate! (安室奈美惠)\12 Luvotomy (m-flo loves Namie Amuro.mp3
E:\Backup\NAS Backup\mp3\☆邦楽アルバム\☆安室奈美恵\Checkmate! (安室奈美惠)\13 AFTER PARTY feat. Amuro Namie.mp3
E:\Backup\NAS Backup\mp3\☆邦楽アルバム\♪ベスト版／オムニバス\V.A - 恋のうた\01 そばにいるね.mp3
E:\Backup\NAS Backup\mp3\☆邦楽アルバム\♪ベスト版／オムニバス\V.A - 恋のうた\02 愛のうた.mp3
E:\Backup\NAS Backup\mp3\☆邦楽アルバム\♪ベスト版／オムニバス\V.A - 恋のうた\03 何度でも.mp3
E:\Backup\NAS Backup\mp3\☆邦楽アルバム\♪ベスト版／オムニバス\V.A - 恋のうた\04 かたちあるもの.mp3
E:\Backup\NAS Backup\mp3\☆邦楽アルバム\♪ベスト版／オムニバス\V.A - 恋のうた\05 コイスルオトメ.mp3
E:\Backup\NAS Backup\mp3\☆邦楽アルバム\♪ベスト版／オムニバス\V.A - 恋のうた\06 恋する気持ち.mp3
E:\Backup\NAS Backup\mp3\☆邦楽アルバム\♪ベスト版／オムニバス\V.A - 恋のうた\07 ONE.mp3
E:\Backup\NAS Backup\mp3\☆邦楽アルバム\♪ベスト版／オムニバス\V.A - 恋のうた\08 FANTASY.mp3
E:\Backup\NAS Backup\mp3\☆邦楽アルバム\♪ベスト版／オムニバス\V.A - 恋のうた\09 きみの て.mp3
E:\Backup\NAS Backup\mp3\☆邦楽アルバム\♪ベスト版／オムニバス\V.A - 恋のうた\10 元気をだして.mp3
E:\Backup\NAS Backup\mp3\☆邦楽アルバム\♪ベスト版／オムニバス\V.A - 恋のうた\11 My Love.mp3
E:\Backup\NAS Backup\mp3\☆邦楽アルバム\♪ベスト版／オムニバス\V.A - 恋のうた\12 キミにKISS.mp3
E:\Backup\NAS Backup\mp3\☆邦楽アルバム\♪ベスト版／オムニバス\V.A - 恋のうた\13 うれしいこと。.mp3
E:\Backup\NAS Backup\mp3\☆邦楽アルバム\♪ベスト版／オムニバス\V.A - 恋のうた\14 Go my way.mp3
E:\Backup\NAS Backup\mp3\☆邦楽アルバム\♪ベスト版／オムニバス\V.A - 恋のうた\15 come again.mp3
E:\Backup\NAS Backup\mp3\☆邦楽アルバム\♪ベスト版／オムニバス\V.A - 恋のうた\16 BLUE BIRD.mp3
